{
 "nodes": {
  "T0r112.1.1": {
   "status": [
    "已领取",
    "已完成"
   ],
   "steps": {
    "omega_spec_create": "see-report",
    "omega_spec_review": "ok",
    "execute": "ok",
    "run_check": "see-report",
    "omega_result_verify": "ok",
    "submit": "ok",
    "verify": "ok"
   }
  },
  "T0r112.1.2": {
   "status": [
    "已领取",
    "已完成"
   ],
   "steps": {
    "omega_spec_create": "see-report",
    "omega_spec_review": "ok",
    "execute": "ok",
    "run_check": "see-report",
    "omega_result_verify": "ok",
    "submit": "ok",
    "verify": "ok"
   }
  },
  "T0r112.1.3": {
   "status": [
    "已领取",
    "已完成"
   ],
   "steps": {
    "omega_spec_create": "see-report",
    "omega_spec_review": "ok",
    "execute": "ok",
    "run_check": "see-report",
    "omega_result_verify": "ok",
    "submit": "ok",
    "verify": "ok"
   }
  },
  "T0r112.2.1": {
   "status": [
    "已领取",
    "已完成"
   ],
   "steps": {
    "omega_spec_create": "see-report",
    "omega_spec_review": "ok",
    "execute": "ok",
    "run_check": "see-report",
    "omega_result_verify": "ok",
    "submit": "ok",
    "verify": "ok"
   }
  },
  "T0r112.2.2": {
   "status": [
    "已领取",
    "已完成"
   ],
   "steps": {
    "omega_spec_create": "see-report",
    "omega_spec_review": "ok",
    "execute": "ok",
    "run_check": "see-report",
    "omega_result_verify": "ok",
    "submit": "ok",
    "verify": "ok"
   }
  },
  "T0r112.2.3": {
   "status": [
    "已领取",
    "已完成"
   ],
   "steps": {
    "omega_spec_create": "see-report",
    "omega_spec_review": "ok",
    "execute": "ok",
    "run_check": "see-report",
    "omega_result_verify": "ok",
    "submit": "ok",
    "verify": "ok"
   }
  }
 },
 "refusal_count": 6,
 "tally": {
  "call_log_shape": [
   "calls",
   "count"
  ],
  "by_tool": {
   "get": {
    "ok": 36,
    "refused": 0
   },
   "run_check": {
    "ok": 18,
    "refused": 0
   },
   "report_bug": {
    "ok": 9,
    "refused": 0
   },
   "verify": {
    "ok": 6,
    "refused": 12
   },
   "submit": {
    "ok": 6,
    "refused": 12
   },
   "omega_spec_review": {
    "ok": 6,
    "refused": 0
   },
   "omega_spec_create": {
    "ok": 6,
    "refused": 12
   },
   "omega_result_verify": {
    "ok": 6,
    "refused": 12
   },
   "execute": {
    "ok": 6,
    "refused": 12
   },
   "claim": {
    "ok": 6,
    "refused": 0
   },
   "task_plan_deep": {
    "ok": 1,
    "refused": 0
   },
   "publish_parallel": {
    "ok": 1,
    "refused": 0
   },
   "project_health": {
    "ok": 1,
    "refused": 0
   },
   "list": {
    "ok": 1,
    "refused": 0
   },
   "loop_create": {
    "ok": 0,
    "refused": 1
   }
  },
  "rows_for_this_round": 170,
  "refused": 61,
  "sum_matches_rows": true,
  "queried_at_utc": "2026-09-29T03:15:09+00:00"
 }
}
