==============================================================================
C10_arity_over | op=typecheck | stage=parse | errors=1
  ERR: Expected COLON, got LT at 1:10
==============================================================================
C10_arity_over | op=codegen | stage=parse | errors=1
  ERR: Expected COLON, got LT at 1:10
  code_len=0
  class_fields={}
  AST-ERR ValueError: Expected COLON, got LT at 1:10
==============================================================================
C11_undefined_typearg | op=typecheck | stage=parse | errors=1
  ERR: Expected COLON, got LT at 1:10
==============================================================================
C11_undefined_typearg | op=codegen | stage=parse | errors=1
  ERR: Expected COLON, got LT at 1:10
  code_len=0
  class_fields={}
  AST-ERR ValueError: Expected COLON, got LT at 1:10
==============================================================================
C12_nested_generic_ann | op=typecheck | stage=parse | errors=1
  ERR: Expected COLON, got LT at 1:10
==============================================================================
C12_nested_generic_ann | op=codegen | stage=parse | errors=1
  ERR: Expected COLON, got LT at 1:10
  code_len=0
  class_fields={}
  AST-ERR ValueError: Expected COLON, got LT at 1:10
==============================================================================
C13_param_ann | op=typecheck | stage=parse | errors=1
  ERR: Expected COLON, got LT at 1:10
==============================================================================
C13_param_ann | op=codegen | stage=parse | errors=1
  ERR: Expected COLON, got LT at 1:10
  code_len=0
  class_fields={}
  AST-ERR ValueError: Expected COLON, got LT at 1:10
==============================================================================
C14_method_typearg | op=typecheck | stage=parse | errors=1
  ERR: Expected COLON, got LT at 1:10
==============================================================================
C14_method_typearg | op=codegen | stage=parse | errors=1
  ERR: Expected COLON, got LT at 1:10
  code_len=0
  class_fields={}
  AST-ERR ValueError: Expected COLON, got LT at 1:10
==============================================================================
C15_struct_control | op=typecheck | stage=ok | errors=0
==============================================================================
C15_struct_control | op=codegen | stage=ok | errors=0
  code_len=885
  CODE: # cython: language_level=3
  CODE: # cython: boundscheck=False
  CODE: # cython: wraparound=False
  CODE: # cython: initializedcheck=False
  CODE: # cython: nonecheck=False
  CODE: # cython: warn.unreachable=False
  CODE: # cython: warn.undeclared=False
  CODE: # Generated by Cypy compiler
  CODE: """
  CODE: Cython module compiled from Cypy source
  CODE: Source file: <not supplied by caller>
  CODE: """
  CODE: import cython
  CODE: from libc.stdlib cimport malloc, free
  CODE: from libc.string cimport memset
  CODE: import datetime as _cypy_dt
  CODE: __generated_at__ = _cypy_dt.datetime.now().strftime('%Y-%m-%d %H:%M:%S')
  CODE: __module_version__ = '1.0.0'
  CODE: __package__ = ''
  CODE: __path__ = None
  CODE: __compile_time__ = "2026-09-29T15:09:38"
  CODE: __target__ = "AMD64-windows"
  CODE: __profile__ = "debug"
  CODE: __all__ = ["Wrap", "f"]
  CODE: __private__ = []
  CODE: __deps__ = []
  CODE: cdef class Wrap:
  CODE:     __slots__ = ("value",)
  CODE:     cdef public object value
  CODE:     @cython.final
  CODE:     def __init__(self, value):
  CODE:         self.value = value
  CODE: def f():
  CODE:     return 0
  class_fields={'Wrap': ['value']}
  AST body kinds=['StructDef', 'FuncDef']
    StructDef name=Wrap generic_params=['T'] constraints={}
    FuncDef name=f generic_params=[] constraints={}
==============================================================================
C16_trait_abstract | op=typecheck | stage=ok | errors=0
==============================================================================
C16_trait_abstract | op=codegen | stage=ok | errors=0
  code_len=1642
  CODE: # cython: language_level=3
  CODE: # cython: boundscheck=False
  CODE: # cython: wraparound=False
  CODE: # cython: initializedcheck=False
  CODE: # cython: nonecheck=False
  CODE: # cython: warn.unreachable=False
  CODE: # cython: warn.undeclared=False
  CODE: # Generated by Cypy compiler
  CODE: """
  CODE: Cython module compiled from Cypy source
  CODE: Source file: <not supplied by caller>
  CODE: """
  CODE: import cython
  CODE: from libc.stdlib cimport malloc, free
  CODE: from libc.string cimport memset
  CODE: import datetime as _cypy_dt
  CODE: __generated_at__ = _cypy_dt.datetime.now().strftime('%Y-%m-%d %H:%M:%S')
  CODE: __module_version__ = '1.0.0'
  CODE: __package__ = ''
  CODE: __path__ = None
  CODE: __compile_time__ = "2026-09-29T15:09:38"
  CODE: __target__ = "AMD64-windows"
  CODE: __profile__ = "debug"
  CODE: __all__ = ["Container", "f"]
  CODE: __private__ = []
  CODE: __deps__ = []
  CODE: # --- trait 运行时 isinstance 支持 (BUG-023) ---
  CODE: _cypy_trait_registry = {'Container': ()}
  CODE: def _cypy_is_instance_of(obj, trait_name):
  CODE:     if type(obj).__name__ in _cypy_trait_registry.get(trait_name, ()):
  CODE:         return True
  CODE:     trait = globals().get(trait_name)
  CODE:     if trait is not None:
  CODE:         try:
  CODE:             return isinstance(obj, trait)
  CODE:         except TypeError:
  CODE:             return False
  CODE:     return False
  CODE: cdef class Container(object):
  CODE:     __slots__ = ('__vtable__',)
  CODE:     cdef void** __vtable__
  CODE:     def get(self, int index):
  CODE:         raise NotImplementedError(f"{type(self).__name__} must implement 'get'")
  CODE:     def __init__(self):
  CODE:         self.__vtable__ = <void**>malloc(2 * sizeof(void*))
  CODE:         self.__vtable__[0] = <void*>self.get
  CODE:         self.__vtable__[1] = NULL
  CODE:     def __dealloc__(self):
  CODE:         if self.__vtable__ != NULL:
  CODE:             free(self.__vtable__)
  CODE:             self.__vtable__ = NULL
  CODE: def f():
  CODE:     return 0
  class_fields={}
  AST body kinds=['TraitDef', 'FuncDef']
    TraitDef name=Container generic_params=['T'] constraints='<no attr>'
    FuncDef name=f generic_params=[] constraints={}
==============================================================================
C1_manual_example | op=typecheck | stage=parse | errors=1
  ERR: Expected COLON, got LT at 1:10
==============================================================================
C1_manual_example | op=codegen | stage=parse | errors=1
  ERR: Expected COLON, got LT at 1:10
  code_len=0
  class_fields={}
  AST-ERR ValueError: Expected COLON, got LT at 1:10
==============================================================================
C2_multi_params | op=typecheck | stage=parse | errors=1
  ERR: Expected COLON, got LT at 1:11
==============================================================================
C2_multi_params | op=codegen | stage=parse | errors=1
  ERR: Expected COLON, got LT at 1:11
  code_len=0
  class_fields={}
  AST-ERR ValueError: Expected COLON, got LT at 1:11
==============================================================================
C3_constrained | op=typecheck | stage=parse | errors=1
  ERR: Expected COLON, got LT at 1:10
==============================================================================
C3_constrained | op=codegen | stage=parse | errors=1
  ERR: Expected COLON, got LT at 1:10
  code_len=0
  class_fields={}
  AST-ERR ValueError: Expected COLON, got LT at 1:10
==============================================================================
C4_extends | op=typecheck | stage=parse | errors=1
  ERR: Expected COLON, got LT at 1:10
==============================================================================
C4_extends | op=codegen | stage=parse | errors=1
  ERR: Expected COLON, got LT at 1:10
  code_len=0
  class_fields={}
  AST-ERR ValueError: Expected COLON, got LT at 1:10
==============================================================================
C5_paren_base | op=typecheck | stage=parse | errors=1
  ERR: Expected COLON, got LT at 1:10
==============================================================================
C5_paren_base | op=codegen | stage=parse | errors=1
  ERR: Expected COLON, got LT at 1:10
  code_len=0
  class_fields={}
  AST-ERR ValueError: Expected COLON, got LT at 1:10
==============================================================================
C6_cdef_class | op=typecheck | stage=parse | errors=1
  ERR: Expected COLON, got LT at 1:15
==============================================================================
C6_cdef_class | op=codegen | stage=parse | errors=1
  ERR: Expected COLON, got LT at 1:15
  code_len=0
  class_fields={}
  AST-ERR ValueError: Expected COLON, got LT at 1:15
==============================================================================
C7_field_in_body | op=typecheck | stage=parse | errors=1
  ERR: Expected COLON, got LT at 1:10
==============================================================================
C7_field_in_body | op=codegen | stage=parse | errors=1
  ERR: Expected COLON, got LT at 1:10
  code_len=0
  class_fields={}
  AST-ERR ValueError: Expected COLON, got LT at 1:10
==============================================================================
C8_empty_param_list | op=typecheck | stage=parse | errors=1
  ERR: Expected COLON, got LT at 1:10
==============================================================================
C8_empty_param_list | op=codegen | stage=parse | errors=1
  ERR: Expected COLON, got LT at 1:10
  code_len=0
  class_fields={}
  AST-ERR ValueError: Expected COLON, got LT at 1:10
==============================================================================
C9_bare_name_use | op=typecheck | stage=parse | errors=1
  ERR: Expected COLON, got LT at 1:10
==============================================================================
C9_bare_name_use | op=codegen | stage=parse | errors=1
  ERR: Expected COLON, got LT at 1:10
  code_len=0
  class_fields={}
  AST-ERR ValueError: Expected COLON, got LT at 1:10
CONCLUSION probe_cases=16
