T0r117.1.1 已领取 -> 已完成
T0r117.1.2 已领取 -> 已完成
T0r117.2.1 已领取 -> 已完成
T0r117.2.2 已领取 -> 已完成
T0r117.3.1 已领取 -> 已完成
T0r117.3.2 已领取 -> 已完成
T0r117.1.3 已领取 -> 已完成
T0r117.2.3 已领取 -> 已完成
T0r117.3.3 已领取 -> 已完成
T0r117.4.1 已领取 -> 已完成
T0r117.4.2 已领取 -> 已完成
T0r117.4.3 已领取 -> 已完成
BRANCHES {"T0r117.1": "已完成", "T0r117.2": "已完成", "T0r117.3": "已完成", "T0r117.4": "已完成"}
CONCLUSION stage=close root=T0r117 root_status=已完成 rollup={'已完成': 17} non_closed=[] pending_leaves=0 calls=105 refused=24 benign=0 call_log_error_rows=0
REFUSED T0r117.1.1 omega_spec_create | {"__error__": {"code": -32000, "message": "语料 [spec:T0r117.1.1:r1] 已通过审核，无需重复创建"}}
REFUSED T0r117.1.1 omega_spec_review | {"__error__": {"code": -32000, "message": "语料 [spec:T0r117.1.1:r1] 当前状态为 [approved]，不是待审核状态"}}
REFUSED T0r117.1.2 omega_spec_create | {"__error__": {"code": -32000, "message": "语料 [spec:T0r117.1.2:r1] 已通过审核，无需重复创建"}}
REFUSED T0r117.1.2 omega_spec_review | {"__error__": {"code": -32000, "message": "语料 [spec:T0r117.1.2:r1] 当前状态为 [approved]，不是待审核状态"}}
REFUSED T0r117.2.1 omega_spec_create | {"__error__": {"code": -32000, "message": "语料 [spec:T0r117.2.1:r1] 已通过审核，无需重复创建"}}
REFUSED T0r117.2.1 omega_spec_review | {"__error__": {"code": -32000, "message": "语料 [spec:T0r117.2.1:r1] 当前状态为 [approved]，不是待审核状态"}}
REFUSED T0r117.2.2 omega_spec_create | {"__error__": {"code": -32000, "message": "语料 [spec:T0r117.2.2:r1] 已通过审核，无需重复创建"}}
REFUSED T0r117.2.2 omega_spec_review | {"__error__": {"code": -32000, "message": "语料 [spec:T0r117.2.2:r1] 当前状态为 [approved]，不是待审核状态"}}
REFUSED T0r117.3.1 omega_spec_create | {"__error__": {"code": -32000, "message": "语料 [spec:T0r117.3.1:r1] 已通过审核，无需重复创建"}}
REFUSED T0r117.3.1 omega_spec_review | {"__error__": {"code": -32000, "message": "语料 [spec:T0r117.3.1:r1] 当前状态为 [approved]，不是待审核状态"}}
REFUSED T0r117.3.2 omega_spec_create | {"__error__": {"code": -32000, "message": "语料 [spec:T0r117.3.2:r1] 已通过审核，无需重复创建"}}
REFUSED T0r117.3.2 omega_spec_review | {"__error__": {"code": -32000, "message": "语料 [spec:T0r117.3.2:r1] 当前状态为 [approved]，不是待审核状态"}}
close_rc=1
