==============================================================================
C1_manual_example | op=typecheck | stage=ok | errors=0
==============================================================================
C1_manual_example | op=codegen | stage=ok | errors=0
  code_len=896
  CODE: # cython: language_level=3
  CODE: # cython: boundscheck=False
  CODE: # cython: wraparound=False
  CODE: # cython: initializedcheck=False
  CODE: # cython: nonecheck=False
  CODE: # cython: warn.unreachable=False
  CODE: # cython: warn.undeclared=False
  CODE: # Generated by Cypy compiler
  CODE: """
  CODE: Cython module compiled from Cypy source
  CODE: Source file: <not supplied by caller>
  CODE: """
  CODE: import cython
  CODE: from libc.stdlib cimport malloc, free
  CODE: from libc.string cimport memset
  CODE: import datetime as _cypy_dt
  CODE: __generated_at__ = _cypy_dt.datetime.now().strftime('%Y-%m-%d %H:%M:%S')
  CODE: __module_version__ = '1.0.0'
  CODE: __package__ = ''
  CODE: __path__ = None
  CODE: __compile_time__ = "2026-09-29T15:24:48"
  CODE: __target__ = "AMD64-windows"
  CODE: __profile__ = "debug"
  CODE: __all__ = ["Box", "f"]
  CODE: __private__ = []
  CODE: __deps__ = []
  CODE: class Box:
  CODE:     def __init__(self, content):
  CODE:         self.content = content
  CODE:     def get(self):
  CODE:         return self.content
  CODE: def f():
  CODE:     int_box: Box = Box(42)
  CODE:     return int_box.get()
  class_fields={}
  AST body kinds=['ClassDef', 'FuncDef']
    ClassDef name=Box generic_params=['T'] constraints={}
    ClassDef body kinds=['FuncDef', 'FuncDef']
    FuncDef name=f generic_params=[] constraints={}
==============================================================================
C6_cdef_class | op=typecheck | stage=ok | errors=1
  ERR: Undefined name 'cdef' at 1:1
==============================================================================
C6_cdef_class | op=codegen | stage=typecheck | errors=1
  ERR: Undefined name 'cdef' at 1:1
  code_len=0
  class_fields={}
  AST body kinds=['ExprStmt', 'ClassDef', 'FuncDef']
    ClassDef name=Box generic_params=['T'] constraints={}
    ClassDef body kinds=['FuncDef', 'FuncDef']
    FuncDef name=f generic_params=[] constraints={}
CONCLUSION probe_cases=2
