==============================================================================
C10_arity_over | op=typecheck | stage=ok | errors=1
  ERR: Type argument count mismatch: 'Box' declares 1 type parameter(s), got 2 at 9:23
==============================================================================
C10_arity_over | op=codegen | stage=typecheck | errors=1
  ERR: Type argument count mismatch: 'Box' declares 1 type parameter(s), got 2 at 9:23
  code_len=0
  class_fields={}
  AST body kinds=['ClassDef', 'FuncDef']
    ClassDef name=Box generic_params=['T'] constraints={}
    ClassDef body kinds=['FuncDef', 'FuncDef']
    FuncDef name=f generic_params=[] constraints={}
==============================================================================
C11_undefined_typearg | op=typecheck | stage=ok | errors=0
==============================================================================
C11_undefined_typearg | op=codegen | stage=ok | errors=0
  code_len=878
  CODE: # cython: language_level=3
  CODE: # cython: boundscheck=False
  CODE: # cython: wraparound=False
  CODE: # cython: initializedcheck=False
  CODE: # cython: nonecheck=False
  CODE: # cython: warn.unreachable=False
  CODE: # cython: warn.undeclared=False
  CODE: # Generated by Cypy compiler
  CODE: """
  CODE: Cython module compiled from Cypy source
  CODE: Source file: <not supplied by caller>
  CODE: """
  CODE: import cython
  CODE: from libc.stdlib cimport malloc, free
  CODE: from libc.string cimport memset
  CODE: import datetime as _cypy_dt
  CODE: __generated_at__ = _cypy_dt.datetime.now().strftime('%Y-%m-%d %H:%M:%S')
  CODE: __module_version__ = '1.0.0'
  CODE: __package__ = ''
  CODE: __path__ = None
  CODE: __compile_time__ = "2026-09-29T15:18:29"
  CODE: __target__ = "AMD64-windows"
  CODE: __profile__ = "debug"
  CODE: __all__ = ["Box", "f"]
  CODE: __private__ = []
  CODE: __deps__ = []
  CODE: class Box:
  CODE:     def __init__(self, content):
  CODE:         self.content = content
  CODE:     def get(self):
  CODE:         return self.content
  CODE: def f():
  CODE:     b: Box = Box(42)
  CODE:     return 0
  class_fields={}
  AST body kinds=['ClassDef', 'FuncDef']
    ClassDef name=Box generic_params=['T'] constraints={}
    ClassDef body kinds=['FuncDef', 'FuncDef']
    FuncDef name=f generic_params=[] constraints={}
==============================================================================
C12_nested_generic_ann | op=typecheck | stage=ok | errors=0
==============================================================================
C12_nested_generic_ann | op=codegen | stage=ok | errors=0
  code_len=875
  CODE: # cython: language_level=3
  CODE: # cython: boundscheck=False
  CODE: # cython: wraparound=False
  CODE: # cython: initializedcheck=False
  CODE: # cython: nonecheck=False
  CODE: # cython: warn.unreachable=False
  CODE: # cython: warn.undeclared=False
  CODE: # Generated by Cypy compiler
  CODE: """
  CODE: Cython module compiled from Cypy source
  CODE: Source file: <not supplied by caller>
  CODE: """
  CODE: import cython
  CODE: from libc.stdlib cimport malloc, free
  CODE: from libc.string cimport memset
  CODE: import datetime as _cypy_dt
  CODE: __generated_at__ = _cypy_dt.datetime.now().strftime('%Y-%m-%d %H:%M:%S')
  CODE: __module_version__ = '1.0.0'
  CODE: __package__ = ''
  CODE: __path__ = None
  CODE: __compile_time__ = "2026-09-29T15:18:29"
  CODE: __target__ = "AMD64-windows"
  CODE: __profile__ = "debug"
  CODE: __all__ = ["Box", "f"]
  CODE: __private__ = []
  CODE: __deps__ = []
  CODE: class Box:
  CODE:     def __init__(self, content):
  CODE:         self.content = content
  CODE:     def get(self):
  CODE:         return self.content
  CODE: def f():
  CODE:     xs: list = []
  CODE:     return 0
  class_fields={}
  AST body kinds=['ClassDef', 'FuncDef']
    ClassDef name=Box generic_params=['T'] constraints={}
    ClassDef body kinds=['FuncDef', 'FuncDef']
    FuncDef name=f generic_params=[] constraints={}
==============================================================================
C13_param_ann | op=typecheck | stage=ok | errors=1
  ERR: Return type mismatch: expected int, got T at 11:1
==============================================================================
C13_param_ann | op=codegen | stage=typecheck | errors=1
  ERR: Return type mismatch: expected int, got T at 11:1
  code_len=0
  class_fields={}
  AST body kinds=['ClassDef', 'FuncDef']
    ClassDef name=Box generic_params=['T'] constraints={}
    ClassDef body kinds=['FuncDef', 'FuncDef']
    FuncDef name=use generic_params=[] constraints={}
==============================================================================
C14_method_typearg | op=typecheck | stage=ok | errors=1
  ERR: Return type mismatch: expected int, got T at 11:1
==============================================================================
C14_method_typearg | op=codegen | stage=typecheck | errors=1
  ERR: Return type mismatch: expected int, got T at 11:1
  code_len=0
  class_fields={}
  AST body kinds=['ClassDef', 'FuncDef']
    ClassDef name=Box generic_params=['T'] constraints={}
    ClassDef body kinds=['FuncDef', 'FuncDef']
    FuncDef name=f generic_params=[] constraints={}
==============================================================================
C15_struct_control | op=typecheck | stage=ok | errors=0
==============================================================================
C15_struct_control | op=codegen | stage=ok | errors=0
  code_len=885
  CODE: # cython: language_level=3
  CODE: # cython: boundscheck=False
  CODE: # cython: wraparound=False
  CODE: # cython: initializedcheck=False
  CODE: # cython: nonecheck=False
  CODE: # cython: warn.unreachable=False
  CODE: # cython: warn.undeclared=False
  CODE: # Generated by Cypy compiler
  CODE: """
  CODE: Cython module compiled from Cypy source
  CODE: Source file: <not supplied by caller>
  CODE: """
  CODE: import cython
  CODE: from libc.stdlib cimport malloc, free
  CODE: from libc.string cimport memset
  CODE: import datetime as _cypy_dt
  CODE: __generated_at__ = _cypy_dt.datetime.now().strftime('%Y-%m-%d %H:%M:%S')
  CODE: __module_version__ = '1.0.0'
  CODE: __package__ = ''
  CODE: __path__ = None
  CODE: __compile_time__ = "2026-09-29T15:18:29"
  CODE: __target__ = "AMD64-windows"
  CODE: __profile__ = "debug"
  CODE: __all__ = ["Wrap", "f"]
  CODE: __private__ = []
  CODE: __deps__ = []
  CODE: cdef class Wrap:
  CODE:     __slots__ = ("value",)
  CODE:     cdef public object value
  CODE:     @cython.final
  CODE:     def __init__(self, value):
  CODE:         self.value = value
  CODE: def f():
  CODE:     return 0
  class_fields={'Wrap': ['value']}
  AST body kinds=['StructDef', 'FuncDef']
    StructDef name=Wrap generic_params=['T'] constraints={}
    FuncDef name=f generic_params=[] constraints={}
==============================================================================
C16_trait_abstract | op=typecheck | stage=ok | errors=0
==============================================================================
C16_trait_abstract | op=codegen | stage=ok | errors=0
  code_len=1642
  CODE: # cython: language_level=3
  CODE: # cython: boundscheck=False
  CODE: # cython: wraparound=False
  CODE: # cython: initializedcheck=False
  CODE: # cython: nonecheck=False
  CODE: # cython: warn.unreachable=False
  CODE: # cython: warn.undeclared=False
  CODE: # Generated by Cypy compiler
  CODE: """
  CODE: Cython module compiled from Cypy source
  CODE: Source file: <not supplied by caller>
  CODE: """
  CODE: import cython
  CODE: from libc.stdlib cimport malloc, free
  CODE: from libc.string cimport memset
  CODE: import datetime as _cypy_dt
  CODE: __generated_at__ = _cypy_dt.datetime.now().strftime('%Y-%m-%d %H:%M:%S')
  CODE: __module_version__ = '1.0.0'
  CODE: __package__ = ''
  CODE: __path__ = None
  CODE: __compile_time__ = "2026-09-29T15:18:29"
  CODE: __target__ = "AMD64-windows"
  CODE: __profile__ = "debug"
  CODE: __all__ = ["Container", "f"]
  CODE: __private__ = []
  CODE: __deps__ = []
  CODE: # --- trait 运行时 isinstance 支持 (BUG-023) ---
  CODE: _cypy_trait_registry = {'Container': ()}
  CODE: def _cypy_is_instance_of(obj, trait_name):
  CODE:     if type(obj).__name__ in _cypy_trait_registry.get(trait_name, ()):
  CODE:         return True
  CODE:     trait = globals().get(trait_name)
  CODE:     if trait is not None:
  CODE:         try:
  CODE:             return isinstance(obj, trait)
  CODE:         except TypeError:
  CODE:             return False
  CODE:     return False
  CODE: cdef class Container(object):
  CODE:     __slots__ = ('__vtable__',)
  CODE:     cdef void** __vtable__
  CODE:     def get(self, int index):
  CODE:         raise NotImplementedError(f"{type(self).__name__} must implement 'get'")
  CODE:     def __init__(self):
  CODE:         self.__vtable__ = <void**>malloc(2 * sizeof(void*))
  CODE:         self.__vtable__[0] = <void*>self.get
  CODE:         self.__vtable__[1] = NULL
  CODE:     def __dealloc__(self):
  CODE:         if self.__vtable__ != NULL:
  CODE:             free(self.__vtable__)
  CODE:             self.__vtable__ = NULL
  CODE: def f():
  CODE:     return 0
  class_fields={}
  AST body kinds=['TraitDef', 'FuncDef']
    TraitDef name=Container generic_params=['T'] constraints='<no attr>'
    FuncDef name=f generic_params=[] constraints={}
==============================================================================
C1_manual_example | op=typecheck | stage=ok | errors=1
  ERR: Return type mismatch: expected int, got T at 11:1
==============================================================================
C1_manual_example | op=codegen | stage=typecheck | errors=1
  ERR: Return type mismatch: expected int, got T at 11:1
  code_len=0
  class_fields={}
  AST body kinds=['ClassDef', 'FuncDef']
    ClassDef name=Box generic_params=['T'] constraints={}
    ClassDef body kinds=['FuncDef', 'FuncDef']
    FuncDef name=f generic_params=[] constraints={}
==============================================================================
C2_multi_params | op=typecheck | stage=ok | errors=0
==============================================================================
C2_multi_params | op=codegen | stage=ok | errors=0
  code_len=764
  CODE: # cython: language_level=3
  CODE: # cython: boundscheck=False
  CODE: # cython: wraparound=False
  CODE: # cython: initializedcheck=False
  CODE: # cython: nonecheck=False
  CODE: # cython: warn.unreachable=False
  CODE: # cython: warn.undeclared=False
  CODE: # Generated by Cypy compiler
  CODE: """
  CODE: Cython module compiled from Cypy source
  CODE: Source file: <not supplied by caller>
  CODE: """
  CODE: import cython
  CODE: from libc.stdlib cimport malloc, free
  CODE: from libc.string cimport memset
  CODE: import datetime as _cypy_dt
  CODE: __generated_at__ = _cypy_dt.datetime.now().strftime('%Y-%m-%d %H:%M:%S')
  CODE: __module_version__ = '1.0.0'
  CODE: __package__ = ''
  CODE: __path__ = None
  CODE: __compile_time__ = "2026-09-29T15:18:29"
  CODE: __target__ = "AMD64-windows"
  CODE: __profile__ = "debug"
  CODE: __all__ = ["Pair"]
  CODE: __private__ = []
  CODE: __deps__ = []
  CODE: class Pair:
  CODE:     def first(self):
  CODE:         return self.a
  class_fields={}
  AST body kinds=['ClassDef']
    ClassDef name=Pair generic_params=['T', 'U'] constraints={}
    ClassDef body kinds=['FuncDef']
==============================================================================
C3_constrained | op=typecheck | stage=ok | errors=0
==============================================================================
C3_constrained | op=codegen | stage=ok | errors=0
  code_len=758
  CODE: # cython: language_level=3
  CODE: # cython: boundscheck=False
  CODE: # cython: wraparound=False
  CODE: # cython: initializedcheck=False
  CODE: # cython: nonecheck=False
  CODE: # cython: warn.unreachable=False
  CODE: # cython: warn.undeclared=False
  CODE: # Generated by Cypy compiler
  CODE: """
  CODE: Cython module compiled from Cypy source
  CODE: Source file: <not supplied by caller>
  CODE: """
  CODE: import cython
  CODE: from libc.stdlib cimport malloc, free
  CODE: from libc.string cimport memset
  CODE: import datetime as _cypy_dt
  CODE: __generated_at__ = _cypy_dt.datetime.now().strftime('%Y-%m-%d %H:%M:%S')
  CODE: __module_version__ = '1.0.0'
  CODE: __package__ = ''
  CODE: __path__ = None
  CODE: __compile_time__ = "2026-09-29T15:18:29"
  CODE: __target__ = "AMD64-windows"
  CODE: __profile__ = "debug"
  CODE: __all__ = ["Num"]
  CODE: __private__ = []
  CODE: __deps__ = []
  CODE: class Num:
  CODE:     def v(self):
  CODE:         return self.x
  class_fields={}
  AST body kinds=['ClassDef']
    ClassDef name=Num generic_params=['T'] constraints={'T': UnionType(line=1, col=14)}
    ClassDef body kinds=['FuncDef']
==============================================================================
C4_extends | op=typecheck | stage=ok | errors=0
==============================================================================
C4_extends | op=codegen | stage=ok | errors=0
  code_len=863
  CODE: # cython: language_level=3
  CODE: # cython: boundscheck=False
  CODE: # cython: wraparound=False
  CODE: # cython: initializedcheck=False
  CODE: # cython: nonecheck=False
  CODE: # cython: warn.unreachable=False
  CODE: # cython: warn.undeclared=False
  CODE: # Generated by Cypy compiler
  CODE: """
  CODE: Cython module compiled from Cypy source
  CODE: Source file: <not supplied by caller>
  CODE: """
  CODE: import cython
  CODE: from libc.stdlib cimport malloc, free
  CODE: from libc.string cimport memset
  CODE: import datetime as _cypy_dt
  CODE: __generated_at__ = _cypy_dt.datetime.now().strftime('%Y-%m-%d %H:%M:%S')
  CODE: __module_version__ = '1.0.0'
  CODE: __package__ = ''
  CODE: __path__ = None
  CODE: __compile_time__ = "2026-09-29T15:18:29"
  CODE: __target__ = "AMD64-windows"
  CODE: __profile__ = "debug"
  CODE: __all__ = ["Box", "f"]
  CODE: __private__ = []
  CODE: __deps__ = []
  CODE: class Box(Base):
  CODE:     def __init__(self, content):
  CODE:         self.content = content
  CODE:     def get(self):
  CODE:         return self.content
  CODE: def f():
  CODE:     return 0
  class_fields={}
  AST body kinds=['ClassDef', 'FuncDef']
    ClassDef name=Box generic_params=['T'] constraints={}
    ClassDef body kinds=['FuncDef', 'FuncDef']
    FuncDef name=f generic_params=[] constraints={}
==============================================================================
C5_paren_base | op=typecheck | stage=ok | errors=0
==============================================================================
C5_paren_base | op=codegen | stage=ok | errors=0
  code_len=863
  CODE: # cython: language_level=3
  CODE: # cython: boundscheck=False
  CODE: # cython: wraparound=False
  CODE: # cython: initializedcheck=False
  CODE: # cython: nonecheck=False
  CODE: # cython: warn.unreachable=False
  CODE: # cython: warn.undeclared=False
  CODE: # Generated by Cypy compiler
  CODE: """
  CODE: Cython module compiled from Cypy source
  CODE: Source file: <not supplied by caller>
  CODE: """
  CODE: import cython
  CODE: from libc.stdlib cimport malloc, free
  CODE: from libc.string cimport memset
  CODE: import datetime as _cypy_dt
  CODE: __generated_at__ = _cypy_dt.datetime.now().strftime('%Y-%m-%d %H:%M:%S')
  CODE: __module_version__ = '1.0.0'
  CODE: __package__ = ''
  CODE: __path__ = None
  CODE: __compile_time__ = "2026-09-29T15:18:29"
  CODE: __target__ = "AMD64-windows"
  CODE: __profile__ = "debug"
  CODE: __all__ = ["Box", "f"]
  CODE: __private__ = []
  CODE: __deps__ = []
  CODE: class Box(Base):
  CODE:     def __init__(self, content):
  CODE:         self.content = content
  CODE:     def get(self):
  CODE:         return self.content
  CODE: def f():
  CODE:     return 0
  class_fields={}
  AST body kinds=['ClassDef', 'FuncDef']
    ClassDef name=Box generic_params=['T'] constraints={}
    ClassDef body kinds=['FuncDef', 'FuncDef']
    FuncDef name=f generic_params=[] constraints={}
==============================================================================
C6_cdef_class | op=typecheck | stage=ok | errors=1
  ERR: Undefined name 'cdef' at 1:1
==============================================================================
C6_cdef_class | op=codegen | stage=typecheck | errors=1
  ERR: Undefined name 'cdef' at 1:1
  code_len=0
  class_fields={}
  AST body kinds=['ExprStmt', 'ClassDef', 'FuncDef']
    ClassDef name=Box generic_params=['T'] constraints={}
    ClassDef body kinds=['FuncDef', 'FuncDef']
    FuncDef name=f generic_params=[] constraints={}
==============================================================================
C7_field_in_body | op=typecheck | stage=ok | errors=0
==============================================================================
C7_field_in_body | op=codegen | stage=ok | errors=0
  code_len=781
  CODE: # cython: language_level=3
  CODE: # cython: boundscheck=False
  CODE: # cython: wraparound=False
  CODE: # cython: initializedcheck=False
  CODE: # cython: nonecheck=False
  CODE: # cython: warn.unreachable=False
  CODE: # cython: warn.undeclared=False
  CODE: # Generated by Cypy compiler
  CODE: """
  CODE: Cython module compiled from Cypy source
  CODE: Source file: <not supplied by caller>
  CODE: """
  CODE: import cython
  CODE: from libc.stdlib cimport malloc, free
  CODE: from libc.string cimport memset
  CODE: import datetime as _cypy_dt
  CODE: __generated_at__ = _cypy_dt.datetime.now().strftime('%Y-%m-%d %H:%M:%S')
  CODE: __module_version__ = '1.0.0'
  CODE: __package__ = ''
  CODE: __path__ = None
  CODE: __compile_time__ = "2026-09-29T15:18:29"
  CODE: __target__ = "AMD64-windows"
  CODE: __profile__ = "debug"
  CODE: __all__ = ["Box"]
  CODE: __private__ = []
  CODE: __deps__ = []
  CODE: class Box:
  CODE:     content: T
  CODE:     def get(self):
  CODE:         return self.content
  class_fields={'Box': ['content']}
  AST body kinds=['ClassDef']
    ClassDef name=Box generic_params=['T'] constraints={}
    ClassDef body kinds=['LetStmt', 'FuncDef']
==============================================================================
C8_empty_param_list | op=typecheck | stage=parse | errors=1
  ERR: Generic parameter list cannot be empty at 1:7
==============================================================================
C8_empty_param_list | op=codegen | stage=parse | errors=1
  ERR: Generic parameter list cannot be empty at 1:7
  code_len=0
  class_fields={}
  AST-ERR ValueError: Generic parameter list cannot be empty at 1:7
==============================================================================
C9_bare_name_use | op=typecheck | stage=ok | errors=0
==============================================================================
C9_bare_name_use | op=codegen | stage=ok | errors=0
  code_len=877
  CODE: # cython: language_level=3
  CODE: # cython: boundscheck=False
  CODE: # cython: wraparound=False
  CODE: # cython: initializedcheck=False
  CODE: # cython: nonecheck=False
  CODE: # cython: warn.unreachable=False
  CODE: # cython: warn.undeclared=False
  CODE: # Generated by Cypy compiler
  CODE: """
  CODE: Cython module compiled from Cypy source
  CODE: Source file: <not supplied by caller>
  CODE: """
  CODE: import cython
  CODE: from libc.stdlib cimport malloc, free
  CODE: from libc.string cimport memset
  CODE: import datetime as _cypy_dt
  CODE: __generated_at__ = _cypy_dt.datetime.now().strftime('%Y-%m-%d %H:%M:%S')
  CODE: __module_version__ = '1.0.0'
  CODE: __package__ = ''
  CODE: __path__ = None
  CODE: __compile_time__ = "2026-09-29T15:18:29"
  CODE: __target__ = "AMD64-windows"
  CODE: __profile__ = "debug"
  CODE: __all__ = ["Box", "f"]
  CODE: __private__ = []
  CODE: __deps__ = []
  CODE: class Box:
  CODE:     def __init__(self, content):
  CODE:         self.content = content
  CODE:     def get(self):
  CODE:         return self.content
  CODE: def f():
  CODE:     b: Box = Box(1)
  CODE:     return 0
  class_fields={}
  AST body kinds=['ClassDef', 'FuncDef']
    ClassDef name=Box generic_params=['T'] constraints={}
    ClassDef body kinds=['FuncDef', 'FuncDef']
    FuncDef name=f generic_params=[] constraints={}
CONCLUSION probe_cases=16
