==============================================================================
C1_manual_example | op=typecheck | stage=ok | errors=1
  ERR: Return type mismatch: expected int, got T at 11:1
==============================================================================
C1_manual_example | op=codegen | stage=typecheck | errors=1
  ERR: Return type mismatch: expected int, got T at 11:1
  code_len=0
  class_fields={}
  AST body kinds=['ClassDef', 'FuncDef']
    ClassDef name=Box generic_params=['T'] constraints={}
    ClassDef body kinds=['FuncDef', 'FuncDef']
    FuncDef name=f generic_params=[] constraints={}
==============================================================================
C7_field_in_body | op=typecheck | stage=ok | errors=0
==============================================================================
C7_field_in_body | op=codegen | stage=ok | errors=0
  code_len=781
  CODE: # cython: language_level=3
  CODE: # cython: boundscheck=False
  CODE: # cython: wraparound=False
  CODE: # cython: initializedcheck=False
  CODE: # cython: nonecheck=False
  CODE: # cython: warn.unreachable=False
  CODE: # cython: warn.undeclared=False
  CODE: # Generated by Cypy compiler
  CODE: """
  CODE: Cython module compiled from Cypy source
  CODE: Source file: <not supplied by caller>
  CODE: """
  CODE: import cython
  CODE: from libc.stdlib cimport malloc, free
  CODE: from libc.string cimport memset
  CODE: import datetime as _cypy_dt
  CODE: __generated_at__ = _cypy_dt.datetime.now().strftime('%Y-%m-%d %H:%M:%S')
  CODE: __module_version__ = '1.0.0'
  CODE: __package__ = ''
  CODE: __path__ = None
  CODE: __compile_time__ = "2026-09-29T15:21:51"
  CODE: __target__ = "AMD64-windows"
  CODE: __profile__ = "debug"
  CODE: __all__ = ["Box"]
  CODE: __private__ = []
  CODE: __deps__ = []
  CODE: class Box:
  CODE:     content: T
  CODE:     def get(self):
  CODE:         return self.content
  class_fields={'Box': ['content']}
  AST body kinds=['ClassDef']
    ClassDef name=Box generic_params=['T'] constraints={}
    ClassDef body kinds=['LetStmt', 'FuncDef']
==============================================================================
C8_empty_param_list | op=typecheck | stage=parse | errors=1
  ERR: Generic parameter list cannot be empty at 1:7
==============================================================================
C8_empty_param_list | op=codegen | stage=parse | errors=1
  ERR: Generic parameter list cannot be empty at 1:7
  code_len=0
  class_fields={}
  AST-ERR ValueError: Generic parameter list cannot be empty at 1:7
==============================================================================
C9_bare_name_use | op=typecheck | stage=ok | errors=0
==============================================================================
C9_bare_name_use | op=codegen | stage=ok | errors=0
  code_len=877
  CODE: # cython: language_level=3
  CODE: # cython: boundscheck=False
  CODE: # cython: wraparound=False
  CODE: # cython: initializedcheck=False
  CODE: # cython: nonecheck=False
  CODE: # cython: warn.unreachable=False
  CODE: # cython: warn.undeclared=False
  CODE: # Generated by Cypy compiler
  CODE: """
  CODE: Cython module compiled from Cypy source
  CODE: Source file: <not supplied by caller>
  CODE: """
  CODE: import cython
  CODE: from libc.stdlib cimport malloc, free
  CODE: from libc.string cimport memset
  CODE: import datetime as _cypy_dt
  CODE: __generated_at__ = _cypy_dt.datetime.now().strftime('%Y-%m-%d %H:%M:%S')
  CODE: __module_version__ = '1.0.0'
  CODE: __package__ = ''
  CODE: __path__ = None
  CODE: __compile_time__ = "2026-09-29T15:21:51"
  CODE: __target__ = "AMD64-windows"
  CODE: __profile__ = "debug"
  CODE: __all__ = ["Box", "f"]
  CODE: __private__ = []
  CODE: __deps__ = []
  CODE: class Box:
  CODE:     def __init__(self, content):
  CODE:         self.content = content
  CODE:     def get(self):
  CODE:         return self.content
  CODE: def f():
  CODE:     b: Box = Box(1)
  CODE:     return 0
  class_fields={}
  AST body kinds=['ClassDef', 'FuncDef']
    ClassDef name=Box generic_params=['T'] constraints={}
    ClassDef body kinds=['FuncDef', 'FuncDef']
    FuncDef name=f generic_params=[] constraints={}
==============================================================================
C10_arity_over | op=typecheck | stage=ok | errors=1
  ERR: Type argument count mismatch: 'Box' declares 1 type parameter(s), got 2 at 9:23
==============================================================================
C10_arity_over | op=codegen | stage=typecheck | errors=1
  ERR: Type argument count mismatch: 'Box' declares 1 type parameter(s), got 2 at 9:23
  code_len=0
  class_fields={}
  AST body kinds=['ClassDef', 'FuncDef']
    ClassDef name=Box generic_params=['T'] constraints={}
    ClassDef body kinds=['FuncDef', 'FuncDef']
    FuncDef name=f generic_params=[] constraints={}
==============================================================================
C13_param_ann | op=typecheck | stage=ok | errors=1
  ERR: Return type mismatch: expected int, got T at 11:1
==============================================================================
C13_param_ann | op=codegen | stage=typecheck | errors=1
  ERR: Return type mismatch: expected int, got T at 11:1
  code_len=0
  class_fields={}
  AST body kinds=['ClassDef', 'FuncDef']
    ClassDef name=Box generic_params=['T'] constraints={}
    ClassDef body kinds=['FuncDef', 'FuncDef']
    FuncDef name=use generic_params=[] constraints={}
==============================================================================
C14_method_typearg | op=typecheck | stage=ok | errors=1
  ERR: Return type mismatch: expected int, got T at 11:1
==============================================================================
C14_method_typearg | op=codegen | stage=typecheck | errors=1
  ERR: Return type mismatch: expected int, got T at 11:1
  code_len=0
  class_fields={}
  AST body kinds=['ClassDef', 'FuncDef']
    ClassDef name=Box generic_params=['T'] constraints={}
    ClassDef body kinds=['FuncDef', 'FuncDef']
    FuncDef name=f generic_params=[] constraints={}
CONCLUSION probe_cases=7
