RED CTRL_scalar_mismatch       ok     n=1 :: Type mismatch: expected int, got str at 2:9
RED P01_tuple_inner_wrong      ok     n=1 :: Element 2 type mismatch: expected int, got str at 2:9
RED P02_tuple_flag_wrong       ok     n=1 :: Element 1 type mismatch: expected bool, got int at 2:9
RED P03_list_elem_wrong        ok     n=1 :: Element 1 type mismatch: expected int, got str at 2:9
ok  P05_dict_val_wrong         ok     n=0 :: 
ok  P06_unknown_in_tuple       ok     n=0 :: 
RED P07_list_of_list_wrong     ok     n=1 :: Element 1 type mismatch: expected int, got str at 2:9
RED P08_tuple_arity_wrong      ok     n=1 :: Tuple element count mismatch: expected 2, got 1 at 2:9
RED P09_return_elem_wrong      ok     n=1 :: Return element 2 type mismatch: expected int, got str at 3:1
RED P10_return_narrow          ok     n=1 :: Return element 1 type mismatch: expected int, got float at 3:1
RED A01_alias_inner_wrong      ok     n=1 :: Element 2 type mismatch: expected int, got str at 4:9
RED A02_alias_flag_wrong       ok     n=1 :: Element 1 type mismatch: expected bool, got int at 4:9
ok  A03_alias_ok               ok     n=0 :: 
ok  A04_alias_unknown_arg      ok     n=0 :: 
ok  A05_alias_bare_use         ok     n=0 :: 
RED A06_alias_arity_wrong      ok     n=1 :: Type alias 'Result' expects 1 generic parameter(s), but got 2 at line 1
RED A07_alias_of_alias         ok     n=1 :: Element 2 type mismatch: expected int, got str at 5:9
ok  A08_alias_in_param         ok     n=0 :: 
RED A09_alias_scalar_wrong     ok     n=1 :: Type mismatch: expected int, got str at 4:9
RED A10_alias_bound_decl       parse  n=1 :: Expected IDENTIFIER, got COLON at 1:11
ok  G01_empty_ctor             ok     n=0 :: 
ok  G02_nested_hetero          ok     n=0 :: 
ok  G03_tuple_none             ok     n=0 :: 
ok  G04_mixed_collapse         ok     n=0 :: 
ok  G05_widening               ok     n=0 :: 
ok  G06_set_noarg              ok     n=0 :: 
ok  G07_return_ok              ok     n=0 :: 
ok  G08_user_types_lenient     ok     n=0 :: 
ok  G09_trait_elem_lenient     ok     n=0 :: 
ok  G10_dict_still_lenient     ok     n=0 :: 
ok  G11_union_alias_use        ok     n=0 :: 
ok  N01_nested_alias_ok        ok     n=0 :: 
RED N02_nested_alias_wrong     ok     n=1 :: Element 2 type mismatch: expected int, got str at 5:9
RED N03_scalar_alias_in_alias  ok     n=1 :: Element 1 type mismatch: expected int, got str at 5:9
RED N04_self_alias_no_hang     ok     n=1 :: Type mismatch: expected Loop[int], got int at 4:9
RED U01_maybe_wrong            ok     n=1 :: Type mismatch: expected Union[int, None], got str at 4:9
ok  U02_maybe_ok               ok     n=0 :: 
ok  U03_maybe_int_ok           ok     n=0 :: 
ok  U04_listorset_elem_wrong   ok     n=0 :: 
CONCLUSION r13_container_probe tag=c1 cases=39 red=18 crashed=[] flipped=7 must_be_red_but_silent=[] must_stay_green_now_red=[] parse_failures=['A10_alias_bound_decl'] out=r13_container_probe_c1.json
CONCLUSION probe_rerun_determinism b2_vs_c1 identical_bytes=True sha=072e72cf85199d06
