CONCLUSION ignore_vs_readers consumers=2921 refs=334 violations=0 canary_missing=2 falsely_ignored=0 canary_mode=False rc=1
  CANARY-MISS ['fist-mbt.db', 'build'] 未被判为忽略 ⇒ check-ignore 通道可疑
Traceback (most recent call last):
  File "E:\IDEProjects\AI\Cypy\.fist-loop-20260929\check_ignore_vs_readers.py", line 191, in <module>
    sys.exit(main())
             ~~~~^^
  File "E:\IDEProjects\AI\Cypy\.fist-loop-20260929\check_ignore_vs_readers.py", line 184, in main
    __import__("json").dumps(checks, ensure_ascii=False, indent=1), encoding="utf-8"
    ~~~~~~~~~~~~~~~~~~~~~~~~^^^^^^^^^^^^^^^^^^^^^^^^^^^^^^^^^^^^^^
  File "C:\Program Files\WindowsApps\PythonSoftwareFoundation.Python.3.13_3.13.3824.0_x64__qbz5n2kfra8p0\Lib\json\__init__.py", line 242, in dumps
    **kw).encode(obj)
          ~~~~~~^^^^^
  File "C:\Program Files\WindowsApps\PythonSoftwareFoundation.Python.3.13_3.13.3824.0_x64__qbz5n2kfra8p0\Lib\json\encoder.py", line 202, in encode
    chunks = self.iterencode(o, _one_shot=True)
  File "C:\Program Files\WindowsApps\PythonSoftwareFoundation.Python.3.13_3.13.3824.0_x64__qbz5n2kfra8p0\Lib\json\encoder.py", line 263, in iterencode
    return _iterencode(o, 0)
  File "C:\Program Files\WindowsApps\PythonSoftwareFoundation.Python.3.13_3.13.3824.0_x64__qbz5n2kfra8p0\Lib\json\encoder.py", line 182, in default
    raise TypeError(f'Object of type {o.__class__.__name__} '
                    f'is not JSON serializable')
TypeError: Object of type set is not JSON serializable
