{
 "root": "T0r113",
 "reused": true,
 "tree": {
  "rows": 21,
  "leaves": 15,
  "general_by_description": [
   "T0r113.1.1",
   "T0r113.1.2",
   "T0r113.2.1",
   "T0r113.2.2",
   "T0r113.3.1",
   "T0r113.3.2",
   "T0r113.4.1",
   "T0r113.4.2"
  ],
  "boundary_by_description": [
   "T0r113.1.3",
   "T0r113.2.3",
   "T0r113.3.3",
   "T0r113.4.3",
   "T0r113.5.1",
   "T0r113.5.2",
   "T0r113.5.3"
  ]
 },
 "loop_create": "{\"name\": \"cypy-selfdrive-r7\", \"steps\": [\"advance\", \"bugfind\", \"fix_and_merge\", \"verify\", \"polish\", \"advance\"], \"current_idx\": 0, \"round\": 0, \"max_rounds\": 6, \"stop_on_goal\": false, \"stop_on_exceeded\": false, \"created_at\": \"2026-09-29T03:52:53Z\", \"updated_at\": \"2026-09-29T03:52:53Z\", \"status\": \"active\", \"stop_reason\": \"\", \"goal_reached\": false, \"exceeded\": false, \"baseline_test_count\": 2158, \"baseline_open_bug_count\": 34}",
 "baseline": {
  "collected": 2158,
  "passed": 2158,
  "conclusion_line_verbatim": "====================== 2158 passed in 413.15s (0:06:53) =======================",
  "native_log": ".fist-loop-20260929/logs/r7_native_r1.log",
  "e2e_log": ".fist-loop-20260929/logs/r7_e2e_r1.log",
  "ledger_open": 34,
  "ledger_closed_sections": 76
 },
 "leaf_status": {
  "T0r113.1.1": [
   "face",
   "待领取",
   "已完成",
   "passed"
  ],
  "T0r113.1.2": [
   "face",
   "待领取",
   "已完成",
   "passed"
  ],
  "T0r113.2.1": [
   "face",
   "待领取",
   "已完成",
   "passed"
  ],
  "T0r113.2.2": [
   "face",
   "待领取",
   "已完成",
   "passed"
  ],
  "T0r113.1.3": [
   "boundary-real",
   "待领取",
   "已完成",
   "passed"
  ],
  "T0r113.2.3": [
   "boundary-real",
   "待领取",
   "已完成",
   "passed"
  ],
  "T0r113.3.3": [
   "boundary-declared-na",
   "待领取",
   "已完成",
   "passed"
  ],
  "T0r113.4.3": [
   "boundary-declared-na",
   "待领取",
   "已完成",
   "passed"
  ],
  "T0r113.5.1": [
   "boundary-declared-na",
   "待领取",
   "已完成",
   "passed"
  ],
  "T0r113.5.2": [
   "boundary-declared-na",
   "待领取",
   "已完成",
   "passed"
  ],
  "T0r113.5.3": [
   "boundary-declared-na",
   "待领取",
   "已完成",
   "passed"
  ]
 },
 "tally": {
  "by_tool": {
   "bug_list": {
    "ok": 1,
    "refused": 0
   },
   "claim": {
    "ok": 11,
    "refused": 0
   },
   "execute": {
    "ok": 11,
    "refused": 0
   },
   "get": {
    "ok": 22,
    "refused": 0
   },
   "loop_create": {
    "ok": 1,
    "refused": 0
   },
   "loop_tick": {
    "ok": 6,
    "refused": 0
   },
   "omega_result_verify": {
    "ok": 11,
    "refused": 0
   },
   "omega_spec_create": {
    "ok": 11,
    "refused": 0
   },
   "omega_spec_review": {
    "ok": 11,
    "refused": 0
   },
   "report_bug": {
    "ok": 2,
    "refused": 0
   },
   "run_check": {
    "ok": 11,
    "refused": 0
   },
   "submit": {
    "ok": 11,
    "refused": 0
   },
   "verify": {
    "ok": 11,
    "refused": 0
   }
  },
  "rpc_sent_by_tool": {
   "laya_decide": 1,
   "loop_create": 1,
   "bug_list": 1,
   "get": 22,
   "claim": 11,
   "omega_spec_create": 11,
   "omega_spec_review": 11,
   "execute": 11,
   "run_check": 11,
   "omega_result_verify": 11,
   "submit": 11,
   "verify": 11,
   "loop_tick": 6,
   "report_bug": 2
  },
  "rpc_sent_total": 121,
  "sent_but_invisible_to_filter": [
   "laya_decide"
  ],
  "rows_matching_filter": 120,
  "refused_matching_filter": 0,
  "filter_window_from": "2026-09-29T03:52:52Z",
  "root_status": "拆分中",
  "leaf_status_after": {
   "已完成": 11,
   "待领取": 4
  },
  "pending_leaf_ids": [
   "T0r113.3.1",
   "T0r113.3.2",
   "T0r113.4.1",
   "T0r113.4.2"
  ],
  "ns_total_task_rows": 50
 }
}
CONCLUSION closed=11 by_kind={'face': 4, 'boundary-real': 2, 'boundary-declared-na': 5} still_pending=4 root=拆分中 calls=120 refused=0 refusal_rows=0
