{
 "started_z": "2026-09-29T04:58:27Z",
 "ns": "cypy-loop-20260929",
 "root": "T0r114",
 "steps": {
  "T0r114": "拆分中",
  "root_after_execute_submit": "拆分中"
 },
 "refusals": [],
 "product_gate": {
  "report_bytes": 16820,
  "report_conclusion_tail": "**一句话终态**：`corpus/` + Ω-gate + 回归件这层可执行规格已立住并立刻打出两条真缺陷，三套回归全绿、5/5 锁承重、5/5 负控制会红 ⇒ 本轮「无回归」达成；",
  "verifier_conclusion": "CONCLUSION pass=66 fail=0 report=T0r114-cypy-selfdrive-r8-report.md rc=0"
 },
 "tree_counts": {
  "root": 1,
  "branches": 18,
  "leaves": 6,
  "leaf_status": {
   "待验收": 6
  },
  "branch_status_before": {
   "T0r114.1.1": "已完成",
   "T0r114.1.2": "已完成",
   "T0r114.1.3": "已完成",
   "T0r114.2.1": "已完成",
   "T0r114.2.2": "已完成",
   "T0r114.2.3": "已完成",
   "T0r114.3.1": "已完成",
   "T0r114.3.2": "已完成",
   "T0r114.3.3": "已完成",
   "T0r114.4.1": "已完成",
   "T0r114.4.2": "已完成",
   "T0r114.4.3": "已完成",
   "T0r114.5.1": "已完成",
   "T0r114.5.2": "已完成",
   "T0r114.5.3": "已完成",
   "T0r114.6.1": "已完成",
   "T0r114.6.2": "已完成",
   "T0r114.6.3": "已完成"
  }
 },
 "root_status_before": "拆分中",
 "root_chain_attempted": false,
 "rollup_after": {
  "已完成": 18,
  "待验收": 6,
  "拆分中": 1
 },
 "call_log_rows_since_start": 2,
 "rpc_sent_total": 2,
 "rpc_sent_by_tool": {
  "execute": 1,
  "submit": 1
 },
 "final_root_status": "拆分中"
}
CONCLUSION root=拆分中 rollup={'已完成': 18, '待验收': 6, '拆分中': 1} branches_closed=18/18 calls=2 refused=0 gate=CONCLUSION pass=66 fail=0 report=T0r114-
