{
 "refuse": [
  "判据自证未过：有锁的单摘回后必须变红（不红=这条锁不承重）；无锁的单只能记 not_measured（实得 [74, 75, 76, 78, 79, 80, 81, 82, 83, 85, 86, 87, 89, 90]）",
  "判据自证未过：组间牵连在合组复扫后必须为零（第一遍观测到的耦合已并进同一摘回组）（实得 [73, 85, 86, 87, 89]）"
 ],
 "matrix_rows": 21,
 "groups": 4,
 "revert_red": 14,
 "assertion_level": 11,
 "sha": "75/75",
 "collateral": [
  73,
  85,
  86,
  87,
  89
 ],
 "red_checks": [
  "有锁的单摘回后必须变红（不红=这条锁不承重）；无锁的单只能记 not_measured",
  "组间牵连在合组复扫后必须为零（第一遍观测到的耦合已并进同一摘回组）"
 ],
 "self_checks": "8/10",
 "cards_rows": [
  21,
  18
 ]
}
REVERT_EXIT=1
