{
 "refuse": [],
 "rows_T0r110": 18,
 "distinct_tasks": 17,
 "refused_T0r110": 0,
 "stage_seed_total": 27,
 "carriers": {
  "laya": 5,
  "issue_up": 22,
  "call_log": 1
 },
 "by_tool": {
  "claim": {
   "ok": 1,
   "refused": 0
  },
  "task_plan_deep": {
   "ok": 1,
   "refused": 0
  },
  "omega_status": {
   "ok": 16,
   "refused": 0
  }
 },
 "named": {
  "laya": 0,
  "issue_up": 0,
  "omega_spec_create": 560,
  "omega_result_verify": 557,
  "report_bug": 119,
  "output_validate": 442,
  "submit": 418,
  "claim": 434,
  "verify": 629
 }
}
