[FAIL] Execution failed:
  - Undefined name 'r' at 18:3
  - Undefined name 'i' at 18:5
  - Undefined name 'n' at 18:7
  - Undefined name 't' at 18:9
  - Undefined name 's' at 20:2
  - Undefined name 't' at 20:4
  - Undefined name 'r' at 20:6
  - Undefined name 'u' at 20:8
  - Undefined name 'c' at 20:10
  - Undefined name 't' at 20:12
  - Undefined name 'o' at 20:16
  - Undefined name 'k' at 20:18
  - Undefined name 'r' at 18:3
  - Undefined name 'i' at 18:5
  - Undefined name 'n' at 18:7
  - Undefined name 't' at 18:9
  - Undefined name 's' at 20:2
  - Undefined name 't' at 20:4
  - Undefined name 'r' at 20:6
  - Undefined name 'u' at 20:8
  - Undefined name 'c' at 20:10
  - Undefined name 't' at 20:12
  - Undefined name 'o' at 20:16
  - Undefined name 'k' at 20:18
